20:33:11 === s2-regional-open-chengdu-3523 ===
20:33:11   meta: name=S2 Regional Open Chengdu players=512 date=2026-01-25 set=Spiritforged pages=8 total=512
20:33:13   page 1: +64 (total 64)
20:33:14   page 2: +64 (total 128)
20:33:16   page 3: +64 (total 192)
20:33:18   page 4: +64 (total 256)
20:33:19   page 5: +64 (total 320)
20:33:20   page 6: +64 (total 384)
20:33:22   page 7: +64 (total 448)
20:33:23   page 8: +64 (total 512)
20:33:46   fetched 25/512 (skip 0, fail 0)
20:34:10   fetched 50/512 (skip 0, fail 0)
20:34:33   fetched 75/512 (skip 0, fail 0)
20:35:38   fetched 100/512 (skip 0, fail 0)
20:39:22   fetched 125/512 (skip 0, fail 0)
20:43:07   fetched 150/512 (skip 0, fail 0)
20:46:52   fetched 175/512 (skip 0, fail 0)
20:50:35   fetched 200/512 (skip 0, fail 0)
20:54:18   fetched 225/512 (skip 0, fail 0)
20:55:15   fetched 250/512 (skip 0, fail 0)
20:55:39   fetched 275/512 (skip 0, fail 0)
20:56:44   fetched 300/512 (skip 0, fail 0)
21:00:31   fetched 325/512 (skip 0, fail 0)
21:04:20   fetched 350/512 (skip 0, fail 0)
21:08:29   fetched 375/512 (skip 0, fail 0)
21:12:11   fetched 400/512 (skip 0, fail 0)
21:15:55   fetched 425/512 (skip 0, fail 0)
21:16:29   fetched 450/512 (skip 0, fail 0)
21:16:53   fetched 475/512 (skip 0, fail 0)
21:17:16   fetched 500/512 (skip 0, fail 0)
21:17:28   DONE s2-regional-open-chengdu-3523: fetched 512, skipped 0, failed 0, urls 512
21:17:28 === s2-regional-open-dalian-4243 ===
21:17:28   meta: name=S2 Regional Open - Dalian players=510 date=2026-02-01 set=Spiritforged pages=8 total=507
21:17:29   page 1: +64 (total 64)
21:17:31   page 2: +64 (total 128)
21:17:32   page 3: +64 (total 192)
21:17:34   page 4: +64 (total 256)
21:17:35   page 5: +64 (total 320)
21:17:37   page 6: +64 (total 384)
21:17:38   page 7: +64 (total 448)
21:17:39   page 8: +59 (total 507)
21:18:03   fetched 25/507 (skip 0, fail 0)
21:18:27   fetched 50/507 (skip 0, fail 0)
21:19:16   fetched 75/507 (skip 0, fail 0)
21:23:02   fetched 100/507 (skip 0, fail 0)
21:26:49   fetched 125/507 (skip 0, fail 0)
21:30:35   fetched 150/507 (skip 0, fail 0)
21:34:18   fetched 175/507 (skip 0, fail 0)
21:38:00   fetched 200/507 (skip 0, fail 0)
21:39:14   fetched 225/507 (skip 0, fail 0)
21:39:38   fetched 250/507 (skip 0, fail 0)
21:40:34   fetched 275/507 (skip 0, fail 0)
21:42:04 === s2-regional-open-chengdu-3523 ===
21:42:04   meta: name=S2 Regional Open Chengdu players=512 date=2026-01-25 set=Spiritforged pages=8 total=512
21:42:05   page 1: +64 (total 64)
21:42:06 === s2-regional-open-dalian-4243 ===
21:42:06   meta: name=S2 Regional Open - Dalian players=510 date=2026-02-01 set=Spiritforged pages=8 total=507
21:42:07   page 2: +64 (total 128)
21:42:07   page 1: +64 (total 64)
21:42:08 === s2-regional-open-nanjing-4866 ===
21:42:08   meta: name=S2 Regional Open - Nanjing players=508 date=2026-02-08 set=Spiritforged pages=8 total=508
21:42:09   page 3: +64 (total 192)
21:42:09   page 2: +64 (total 128)
21:42:09 === s2-shanghai-cc-5407 ===
21:42:09   page 1: +64 (total 64)
21:42:09   meta: name=S2 Shanghai City Challenge players=128 date=2026-03-07 set=Spiritforged pages=2 total=128
21:42:10   page 1: +64 (total 64)
21:42:10   page 3: +64 (total 192)
21:42:10   page 4: +64 (total 256)
21:42:10   page 2: +64 (total 128)
21:42:11   page 2: +64 (total 128)
21:42:12   page 5: +64 (total 320)
21:42:12   page 3: +64 (total 192)
21:42:12   page 4: +64 (total 256)
21:42:13   page 4: +64 (total 256)
21:42:13   page 5: +64 (total 320)
21:42:13   page 6: +64 (total 384)
21:42:15   page 6: +64 (total 384)
21:42:15   page 5: +64 (total 320)
21:42:15   page 7: +64 (total 448)
21:42:16   page 6: +64 (total 384)
21:42:16   page 8: +64 (total 512)
21:42:16   page 7: +64 (total 448)
21:42:17   DONE s2-regional-open-chengdu-3523: fetched 0, skipped 512, failed 0, urls 512
21:42:17 === s2-shanghai-cc-6192 ===
21:42:17   meta: name=S2 Shanghai City Challenge players=128 date=2026-03-15 set=Spiritforged pages=2 total=128
21:42:17   page 8: +59 (total 507)
21:42:17   page 7: +64 (total 448)
21:42:18   page 1: +64 (total 64)
21:42:19   page 8: +60 (total 508)
21:42:19   page 2: +64 (total 128)
21:45:07   fetched 300/507 (skip 281, fail 0)
21:45:16   fetched 25/128 (skip 2, fail 0)
21:45:44   fetched 25/128 (skip 0, fail 0)
21:46:02   fetched 25/508 (skip 0, fail 0)
21:49:01   fetched 325/507 (skip 281, fail 0)
21:49:10   fetched 50/128 (skip 2, fail 0)
21:49:38   fetched 50/128 (skip 0, fail 0)
21:49:56   fetched 50/508 (skip 0, fail 0)
21:52:48   fetched 350/507 (skip 281, fail 0)
21:52:57   fetched 75/128 (skip 2, fail 0)
21:53:24   fetched 75/128 (skip 0, fail 0)
21:53:42   fetched 75/508 (skip 0, fail 0)
21:56:44   fetched 375/507 (skip 281, fail 0)
21:56:54   fetched 100/128 (skip 2, fail 0)
21:57:22   fetched 100/128 (skip 0, fail 0)
21:57:41   fetched 100/508 (skip 0, fail 0)
22:00:11   fetched 400/507 (skip 281, fail 0)
22:00:13   fetched 125/128 (skip 2, fail 0)
22:00:14   fetched 125/128 (skip 0, fail 0)
22:00:16   fetched 125/508 (skip 0, fail 0)
22:00:17   DONE s2-shanghai-cc-6192: fetched 126, skipped 2, failed 0, urls 128
22:00:17 === shanghai-cc-4239 ===
22:00:17   meta: name=Shanghai City Challenge players=128 date=2026-01-31 set=Spiritforged pages=2 total=128
22:00:18   DONE s2-shanghai-cc-5407: fetched 128, skipped 0, failed 0, urls 128
22:00:18 === guangzhou-cc-4792 ===
22:00:18   page 1: +64 (total 64)
22:00:18   meta: name=Guangzhou City Challenge players=128 date=2026-02-07 set=Spiritforged pages=2 total=128
22:00:19   page 1: +64 (total 64)
22:00:19   page 2: +64 (total 128)
22:00:20   page 2: +64 (total 128)
22:02:27   fetched 425/507 (skip 281, fail 0)
22:03:22   fetched 150/508 (skip 0, fail 0)
22:03:39   fetched 25/128 (skip 1, fail 0)
22:03:47   fetched 25/128 (skip 0, fail 0)
22:06:17   fetched 450/507 (skip 281, fail 0)
22:07:11   fetched 175/508 (skip 0, fail 0)
22:07:31   fetched 50/128 (skip 1, fail 0)
22:07:39   fetched 50/128 (skip 0, fail 0)
22:10:12   fetched 475/507 (skip 281, fail 0)
22:11:05   fetched 200/508 (skip 0, fail 0)
22:11:24   fetched 75/128 (skip 1, fail 0)
22:11:32   fetched 75/128 (skip 0, fail 0)
22:13:50   fetched 500/507 (skip 281, fail 0)
22:14:41   fetched 225/508 (skip 0, fail 0)
22:14:52   DONE s2-regional-open-dalian-4243: fetched 226, skipped 281, failed 0, urls 507
22:14:52 === s2-hangzhou-cc-5529 ===
22:14:52   meta: name=S2 Hangzhou City Challenge players=128 date=2026-03-08 set=Spiritforged pages=2 total=128
22:14:54   page 1: +64 (total 64)
22:14:55   page 2: +64 (total 128)
22:14:59   fetched 100/128 (skip 1, fail 0)
22:15:08   fetched 100/128 (skip 0, fail 0)
22:18:06   fetched 25/128 (skip 1, fail 0)
22:18:25   fetched 250/508 (skip 0, fail 0)
22:18:43   fetched 125/128 (skip 1, fail 0)
22:18:53   fetched 125/128 (skip 0, fail 0)
22:19:13   DONE shanghai-cc-4239: fetched 127, skipped 1, failed 0, urls 128
22:19:13 === shanghai-cc-1657 ===
22:19:13   meta: name=Shanghai City Challenge players=128 date=2026-01-02 set=Spiritforged pages=2 total=128
22:19:14   page 1: +64 (total 64)
22:19:16   page 2: +64 (total 128)
22:19:22   DONE guangzhou-cc-4792: fetched 128, skipped 0, failed 0, urls 128
22:19:22 === shenyang-cc-2356 ===
22:19:22   meta: name=Shenyang City Challenge players=128 date=2026-01-10 set=Spiritforged pages=2 total=128
22:19:23   page 1: +64 (total 64)
22:19:25   page 2: +64 (total 128)
22:20:42   fetched 50/128 (skip 1, fail 0)
22:20:45   fetched 275/508 (skip 0, fail 0)
22:21:06   fetched 25/128 (skip 0, fail 0)
22:21:17   fetched 25/128 (skip 0, fail 0)
22:23:59   fetched 75/128 (skip 1, fail 0)
22:24:37   fetched 300/508 (skip 0, fail 0)
22:25:06   fetched 50/128 (skip 0, fail 0)
22:25:15   fetched 50/128 (skip 0, fail 0)
22:27:57   fetched 100/128 (skip 1, fail 0)
22:28:34   fetched 325/508 (skip 0, fail 0)
22:29:03   fetched 75/128 (skip 0, fail 0)
22:29:12   fetched 75/128 (skip 0, fail 0)
22:31:54   fetched 125/128 (skip 1, fail 0)
22:32:23   DONE s2-hangzhou-cc-5529: fetched 127, skipped 1, failed 0, urls 128
22:32:23 === shanghai-cc-3522 ===
22:32:23   meta: name=Shanghai City Challenge players=128 date=2026-01-24 set=Spiritforged pages=2 total=128
22:32:24   page 1: +64 (total 64)
22:32:26   page 2: +64 (total 128)
22:32:32   fetched 350/508 (skip 0, fail 0)
22:33:02   fetched 100/128 (skip 0, fail 0)
22:33:12   fetched 100/128 (skip 0, fail 0)
22:36:08   fetched 25/128 (skip 0, fail 0)
22:36:26   fetched 375/508 (skip 0, fail 0)
22:36:53   fetched 125/128 (skip 0, fail 0)
22:37:02   fetched 125/128 (skip 0, fail 0)
22:37:22   DONE shanghai-cc-1657: fetched 128, skipped 0, failed 0, urls 128
22:37:22 === fuzhou-cc-1397 ===
22:37:22   meta: name=Fuzhou City Challenge players=128 date=2025-12-27 set=Spiritforged pages=2 total=128
22:37:23   page 1: +64 (total 64)
22:37:24   page 2: +64 (total 128)
22:37:30   DONE shenyang-cc-2356: fetched 128, skipped 0, failed 0, urls 128
22:37:30 === wuhan-cc-1419 ===
22:37:30   meta: name=Wuhan City Challenge players=128 date=2025-12-27 set=Spiritforged pages=2 total=128
22:37:31   page 1: +64 (total 64)
22:37:32   page 2: +64 (total 128)
22:39:55   fetched 50/128 (skip 0, fail 0)
22:40:13   fetched 400/508 (skip 0, fail 0)
22:40:22   fetched 25/128 (skip 1, fail 0)
22:40:55   fetched 25/128 (skip 0, fail 0)
22:41:28   fetched 75/128 (skip 0, fail 0)
22:41:57   fetched 425/508 (skip 0, fail 0)
22:42:26   fetched 50/128 (skip 1, fail 0)
22:42:54   fetched 50/128 (skip 0, fail 0)
22:45:24   fetched 100/128 (skip 0, fail 0)
22:45:54   fetched 450/508 (skip 0, fail 0)
22:46:23   fetched 75/128 (skip 1, fail 0)
22:46:52   fetched 75/128 (skip 0, fail 0)
22:49:25   fetched 125/128 (skip 0, fail 0)
22:49:54   DONE shanghai-cc-3522: fetched 128, skipped 0, failed 0, urls 128
22:49:54 === fuzhou-cc-1606 ===
22:49:54   fetched 475/508 (skip 0, fail 0)
22:49:54   meta: name=Fuzhou City Challenge players=128 date=2026-01-02 set=Spiritforged pages=2 total=128
22:49:55   page 1: +64 (total 64)
22:49:57   page 2: +64 (total 128)
22:50:20   fetched 100/128 (skip 1, fail 0)
22:50:47   fetched 100/128 (skip 0, fail 0)
22:53:02   fetched 25/128 (skip 1, fail 0)
22:53:51   fetched 500/508 (skip 0, fail 0)
22:54:20   fetched 125/128 (skip 1, fail 0)
22:54:49   fetched 125/128 (skip 0, fail 0)
22:54:49   DONE wuhan-cc-1419: fetched 127, skipped 1, failed 0, urls 128
22:54:49 === guangzhou-cc-1234 ===
22:54:49   meta: name=Guangzhou City Challenge players=128 date=2025-12-20 set=Spiritforged pages=2 total=128
22:54:50   page 1: +64 (total 64)
22:54:52   page 2: +64 (total 128)
22:55:06   DONE s2-regional-open-nanjing-4866: fetched 508, skipped 0, failed 0, urls 508
22:55:06 === s2-guangzhou-cc-5528 ===
22:55:06   meta: name=S2 Guangzhou City Challenge players=128 date=2026-03-08 set=Spiritforged pages=2 total=128
22:55:07   page 1: +64 (total 64)
22:55:08   page 2: +64 (total 128)
22:55:15   DONE fuzhou-cc-1397: fetched 128, skipped 0, failed 0, urls 128
22:55:15 === guangzhou-cc-1382 ===
22:55:15   meta: name=Guangzhou City Challenge players=128 date=2025-12-28 set=Spiritforged pages=2 total=128
22:55:16   page 1: +64 (total 64)
22:55:18   page 2: +64 (total 128)
22:56:59   fetched 50/128 (skip 1, fail 0)
22:58:16   fetched 25/128 (skip 0, fail 0)
22:58:53   fetched 25/128 (skip 1, fail 0)
22:59:13   fetched 25/128 (skip 0, fail 0)
23:01:01   fetched 75/128 (skip 1, fail 0)
23:01:18   fetched 50/128 (skip 0, fail 0)
23:01:22   fetched 50/128 (skip 1, fail 0)
23:01:24   fetched 50/128 (skip 0, fail 0)
23:02:44   fetched 100/128 (skip 1, fail 0)
23:04:09   fetched 75/128 (skip 0, fail 0)
23:04:48   fetched 75/128 (skip 1, fail 0)
23:05:08   fetched 75/128 (skip 0, fail 0)
23:06:34   fetched 125/128 (skip 1, fail 0)
23:07:00   DONE fuzhou-cc-1606: fetched 127, skipped 1, failed 0, urls 128
23:07:00 === shenzhen-cc-1396 ===
23:07:00   meta: name=Shenzhen City Challenge players=128 date=2025-12-27 set=Spiritforged pages=2 total=128
23:07:01   page 1: +64 (total 64)
23:07:02   page 2: +64 (total 128)
23:07:53   fetched 100/128 (skip 0, fail 0)
23:08:29   fetched 100/128 (skip 1, fail 0)
23:08:47   fetched 100/128 (skip 0, fail 0)
23:10:26   fetched 25/128 (skip 1, fail 0)
23:11:37   fetched 125/128 (skip 0, fail 0)
23:12:04   DONE guangzhou-cc-1234: fetched 128, skipped 0, failed 0, urls 128
23:12:04 ALL DONE. total cached decks ~640
23:12:12   fetched 125/128 (skip 1, fail 0)
23:12:30   fetched 125/128 (skip 0, fail 0)
23:12:40   DONE s2-guangzhou-cc-5528: fetched 127, skipped 1, failed 0, urls 128
23:12:40 === guangzhou-cc-2434 ===
23:12:40   meta: name=Guangzhou City Challenge players=128 date=2026-01-11 set=Spiritforged pages=2 total=128
23:12:41   page 1: +64 (total 64)
23:12:43   page 2: +64 (total 128)
23:12:57   DONE guangzhou-cc-1382: fetched 128, skipped 0, failed 0, urls 128
23:12:57 === shanghai-cc-1291 ===
23:12:57   meta: name=Shanghai City Challenge players=128 date=2025-12-20 set=Spiritforged pages=2 total=127
23:12:58   page 1: +64 (total 64)
23:13:00   page 2: +63 (total 127)
23:14:04   fetched 50/128 (skip 1, fail 0)
23:15:57   fetched 25/128 (skip 0, fail 0)
23:16:27   fetched 25/127 (skip 0, fail 0)
23:17:51   fetched 75/128 (skip 1, fail 0)
23:19:54   fetched 50/128 (skip 0, fail 0)
23:20:23   fetched 50/127 (skip 0, fail 0)
23:21:35   fetched 100/128 (skip 1, fail 0)
23:21:48   fetched 75/128 (skip 0, fail 0)
23:21:50   fetched 75/127 (skip 0, fail 0)
23:23:08   fetched 125/128 (skip 1, fail 0)
23:23:37   DONE shenzhen-cc-1396: fetched 127, skipped 1, failed 0, urls 128
23:23:37 === nanjing-cc-1380 ===
23:23:37   meta: name=Nanjing City Challenge players=128 date=2025-12-28 set=Spiritforged pages=2 total=128
23:23:38   page 1: +64 (total 64)
23:23:40   page 2: +64 (total 128)
23:25:11   fetched 100/128 (skip 0, fail 0)
23:25:30   fetched 100/127 (skip 0, fail 0)
23:27:32   fetched 25/128 (skip 0, fail 0)
23:29:09   fetched 125/128 (skip 0, fail 0)
23:29:27   fetched 125/127 (skip 0, fail 0)
23:29:38   DONE guangzhou-cc-2434: fetched 128, skipped 0, failed 0, urls 128
23:29:38 === shenzhen-cc-1535 ===
23:29:38   meta: name=Shenzhen City Challenge players=128 date=2026-01-01 set=Spiritforged pages=2 total=128
23:29:39   page 1: +64 (total 64)
23:29:40   page 2: +64 (total 128)
23:29:47   DONE shanghai-cc-1291: fetched 127, skipped 0, failed 0, urls 127
23:29:47 ALL DONE. total cached decks ~1279
23:31:27   fetched 50/128 (skip 0, fail 0)
23:32:51   fetched 25/128 (skip 1, fail 0)
23:35:21   fetched 75/128 (skip 0, fail 0)
23:36:45   fetched 50/128 (skip 1, fail 0)
23:39:17   fetched 100/128 (skip 0, fail 0)
23:40:48   fetched 75/128 (skip 1, fail 0)
23:42:09   fetched 125/128 (skip 0, fail 0)
23:42:12   DONE nanjing-cc-1380: fetched 128, skipped 0, failed 0, urls 128
23:42:12 === hangzhou-cc-1290 ===
23:42:12   meta: name=Hangzhou City Challenge players=128 date=2025-12-20 set=Spiritforged pages=2 total=128
23:42:13   page 1: +64 (total 64)
23:42:14   page 2: +64 (total 128)
23:42:18   fetched 100/128 (skip 1, fail 0)
23:43:45   fetched 25/128 (skip 0, fail 0)
23:44:21   fetched 125/128 (skip 1, fail 0)
23:44:49   DONE shenzhen-cc-1535: fetched 127, skipped 1, failed 0, urls 128
23:44:49 === shanghai-cc-1400 ===
23:44:50   meta: name=Shangai City Challenge players=128 date=2025-12-27 set=Spiritforged pages=2 total=128
23:44:51   page 1: +64 (total 64)
23:44:52   page 2: +64 (total 128)
23:47:37   fetched 50/128 (skip 0, fail 0)
23:48:35   fetched 25/128 (skip 0, fail 0)
23:51:34   fetched 75/128 (skip 0, fail 0)
23:52:31   fetched 50/128 (skip 0, fail 0)
23:55:36   fetched 100/128 (skip 0, fail 0)
23:56:36   fetched 75/128 (skip 0, fail 0)
23:59:43   fetched 125/128 (skip 0, fail 0)
00:00:12   DONE hangzhou-cc-1290: fetched 128, skipped 0, failed 0, urls 128
00:00:12 ALL DONE. total cached decks ~1275
00:00:40   fetched 100/128 (skip 0, fail 0)
00:02:44   fetched 125/128 (skip 0, fail 0)
00:02:48   DONE shanghai-cc-1400: fetched 128, skipped 0, failed 0, urls 128
00:02:48 === shenzhen-cc-1279 ===
00:02:48   meta: name=Shenzhen City Challenge players=128 date=2025-12-21 set=Spiritforged pages=2 total=128
00:02:49   page 1: +64 (total 64)
00:02:50   page 2: +64 (total 128)
00:03:15   fetched 25/128 (skip 0, fail 0)
00:03:40   fetched 50/128 (skip 0, fail 0)
00:04:50   fetched 75/128 (skip 0, fail 0)
00:09:00   fetched 100/128 (skip 0, fail 0)
00:13:08   fetched 125/128 (skip 0, fail 0)
00:13:39   DONE shenzhen-cc-1279: fetched 128, skipped 0, failed 0, urls 128
00:13:39 ALL DONE. total cached decks ~1148
00:17:57 === s2-regional-open-chengdu-3523 ===
00:17:57   reuse 512 urls
00:18:23   rate-limited (4 consecutive) -> cooldown 300s
00:23:50   rate-limited (4 consecutive) -> cooldown 300s
00:29:21   rate-limited (4 consecutive) -> cooldown 300s
00:34:53   rate-limited (4 consecutive) -> cooldown 300s
00:40:27   rate-limited (4 consecutive) -> cooldown 300s
00:45:59   rate-limited (4 consecutive) -> cooldown 300s
00:51:31   rate-limited (4 consecutive) -> cooldown 300s
00:57:02   rate-limited (4 consecutive) -> cooldown 300s
01:02:33   rate-limited (4 consecutive) -> cooldown 300s
01:08:04   rate-limited (4 consecutive) -> cooldown 300s
01:14:17   rate-limited (4 consecutive) -> cooldown 300s
01:19:49   rate-limited (4 consecutive) -> cooldown 300s
02:13:26 === s2-regional-open-chengdu-3523 ===
02:13:26   reuse 512 urls
02:13:33   fetched 100/512 (skip 95, fail 0)
02:14:11   fetched 125/512 (skip 95, fail 0)
02:14:48   fetched 150/512 (skip 95, fail 0)
02:15:25   fetched 175/512 (skip 95, fail 0)
02:16:02   fetched 200/512 (skip 95, fail 0)
02:16:39   fetched 225/512 (skip 95, fail 0)
02:16:53   fetched 300/512 (skip 161, fail 0)
02:17:30   fetched 325/512 (skip 161, fail 0)
02:18:07   fetched 350/512 (skip 161, fail 0)
02:18:44   fetched 375/512 (skip 161, fail 0)
02:19:22   fetched 400/512 (skip 161, fail 0)
02:19:59   fetched 425/512 (skip 161, fail 0)
02:20:19   DONE s2-regional-open-chengdu-3523: fetched 264, skipped 247, failed 1, urls 512
02:20:19 === s2-regional-open-dalian-4243 ===
02:20:19   reuse 507 urls
02:20:23   fetched 75/507 (skip 72, fail 0)
02:21:00   fetched 100/507 (skip 72, fail 0)
02:21:37   fetched 125/507 (skip 72, fail 0)
02:22:15   fetched 150/507 (skip 72, fail 0)
02:22:52   fetched 175/507 (skip 72, fail 0)
02:23:29   fetched 200/507 (skip 72, fail 0)
02:23:42   fetched 275/507 (skip 138, fail 0)
02:24:20   fetched 300/507 (skip 138, fail 0)
02:24:57   fetched 325/507 (skip 138, fail 0)
02:25:34   fetched 350/507 (skip 138, fail 0)
02:26:12   fetched 375/507 (skip 138, fail 0)
02:27:02   fetched 425/507 (skip 155, fail 0)
02:27:39   fetched 450/507 (skip 155, fail 0)
02:28:16   fetched 475/507 (skip 155, fail 0)
02:28:53   fetched 500/507 (skip 155, fail 0)
02:29:05   DONE s2-regional-open-dalian-4243: fetched 352, skipped 155, failed 0, urls 507
02:29:05 === s2-regional-open-nanjing-4866 ===
02:29:05   reuse 508 urls
02:29:41   fetched 25/508 (skip 0, fail 0)
02:30:18   fetched 50/508 (skip 0, fail 0)
02:30:55   fetched 75/508 (skip 0, fail 0)
02:31:33   fetched 100/508 (skip 0, fail 0)
02:32:22   fetched 150/508 (skip 17, fail 0)
02:32:59   fetched 175/508 (skip 17, fail 0)
02:33:36   fetched 200/508 (skip 17, fail 0)
02:34:13   fetched 225/508 (skip 17, fail 0)
02:34:50   fetched 250/508 (skip 17, fail 0)
02:35:44   fetched 300/508 (skip 31, fail 0)
02:36:21   fetched 325/508 (skip 31, fail 0)
02:36:58   fetched 350/508 (skip 31, fail 0)
02:37:35   fetched 375/508 (skip 31, fail 0)
02:38:13   fetched 400/508 (skip 31, fail 0)
02:38:24   fetched 425/508 (skip 48, fail 0)
02:39:01   fetched 450/508 (skip 48, fail 0)
02:39:38   fetched 475/508 (skip 48, fail 0)
02:40:15   fetched 500/508 (skip 48, fail 0)
02:40:28   DONE s2-regional-open-nanjing-4866: fetched 460, skipped 48, failed 0, urls 508
02:40:28 === s2-shanghai-cc-6192 ===
02:40:28   reuse 128 urls
02:40:57   fetched 25/128 (skip 5, fail 0)
02:41:35   fetched 50/128 (skip 5, fail 0)
02:42:12   fetched 75/128 (skip 5, fail 0)
02:42:49   fetched 100/128 (skip 5, fail 0)
02:43:18   DONE s2-shanghai-cc-6192: fetched 114, skipped 14, failed 0, urls 128
02:43:18 === s2-hangzhou-cc-5529 ===
02:43:18   reuse 128 urls
02:43:48   fetched 25/128 (skip 4, fail 0)
02:44:39   fetched 75/128 (skip 20, fail 0)
02:45:16   fetched 100/128 (skip 20, fail 0)
02:45:53   fetched 125/128 (skip 20, fail 0)
02:45:58   DONE s2-hangzhou-cc-5529: fetched 108, skipped 20, failed 0, urls 128
02:45:58 === s2-guangzhou-cc-5528 ===
02:45:58   reuse 128 urls
02:46:33   fetched 25/128 (skip 1, fail 0)
02:47:25   fetched 75/128 (skip 16, fail 0)
02:48:02   fetched 100/128 (skip 16, fail 0)
02:48:39   fetched 125/128 (skip 16, fail 0)
02:48:44   DONE s2-guangzhou-cc-5528: fetched 112, skipped 16, failed 0, urls 128
02:48:44 === s2-shanghai-cc-5407 ===
02:48:44   reuse 128 urls
02:49:19   fetched 25/128 (skip 1, fail 0)
02:49:56   fetched 50/128 (skip 1, fail 0)
02:50:33   fetched 75/128 (skip 1, fail 0)
02:51:11   fetched 100/128 (skip 1, fail 0)
02:51:35   DONE s2-shanghai-cc-5407: fetched 115, skipped 13, failed 0, urls 128
02:51:35 === guangzhou-cc-4792 ===
02:51:35   reuse 128 urls
02:52:07   fetched 25/128 (skip 3, fail 0)
02:52:44   fetched 50/128 (skip 3, fail 0)
02:53:21   fetched 75/128 (skip 3, fail 0)
02:53:58   fetched 100/128 (skip 3, fail 0)
02:54:35   fetched 125/128 (skip 3, fail 0)
02:54:41   DONE guangzhou-cc-4792: fetched 125, skipped 3, failed 0, urls 128
02:54:41 === shanghai-cc-4239 ===
02:54:41   reuse 128 urls
02:55:13   fetched 25/128 (skip 3, fail 0)
02:55:51   fetched 50/128 (skip 3, fail 0)
02:56:28   fetched 75/128 (skip 3, fail 0)
02:57:05   fetched 100/128 (skip 3, fail 0)
02:58:02   fetched 125/128 (skip 3, fail 1)
02:58:06   DONE shanghai-cc-4239: fetched 124, skipped 3, failed 1, urls 128
02:58:06 === shanghai-cc-3522 ===
02:58:06   reuse 128 urls
02:58:40   fetched 25/128 (skip 1, fail 0)
02:59:17   fetched 50/128 (skip 1, fail 0)
02:59:29   fetched 75/128 (skip 18, fail 0)
03:00:06   fetched 100/128 (skip 18, fail 0)
03:00:43   fetched 125/128 (skip 18, fail 0)
03:00:49   DONE shanghai-cc-3522: fetched 110, skipped 18, failed 0, urls 128
03:00:49 === guangzhou-cc-2434 ===
03:00:49   reuse 128 urls
03:01:32   fetched 25/128 (skip 2, fail 1)
03:02:09   fetched 50/128 (skip 2, fail 1)
03:02:53   fetched 100/128 (skip 22, fail 1)
03:03:30   fetched 125/128 (skip 22, fail 1)
03:03:34   DONE guangzhou-cc-2434: fetched 105, skipped 22, failed 1, urls 128
03:03:34 === shenyang-cc-2356 ===
03:03:34   reuse 128 urls
03:03:46   fetched 25/128 (skip 16, fail 0)
03:04:23   fetched 50/128 (skip 16, fail 0)
03:05:00   fetched 75/128 (skip 16, fail 0)
03:05:37   fetched 100/128 (skip 16, fail 0)
03:06:14   fetched 125/128 (skip 16, fail 0)
03:06:19   DONE shenyang-cc-2356: fetched 112, skipped 16, failed 0, urls 128
03:06:19 === shanghai-cc-1657 ===
03:06:19   reuse 128 urls
03:06:32   fetched 25/128 (skip 16, fail 0)
03:07:09   fetched 50/128 (skip 16, fail 0)
03:07:46   fetched 75/128 (skip 16, fail 0)
03:08:23   fetched 100/128 (skip 16, fail 0)
03:08:59   fetched 125/128 (skip 16, fail 0)
03:09:05   DONE shanghai-cc-1657: fetched 112, skipped 16, failed 0, urls 128
03:09:05 === fuzhou-cc-1606 ===
03:09:05   reuse 128 urls
03:09:32   fetched 25/128 (skip 6, fail 0)
03:10:09   fetched 50/128 (skip 6, fail 0)
03:10:46   fetched 75/128 (skip 6, fail 0)
03:10:59   fetched 100/128 (skip 22, fail 0)
03:11:36   fetched 125/128 (skip 22, fail 0)
03:11:41   DONE fuzhou-cc-1606: fetched 106, skipped 22, failed 0, urls 128
03:11:41 === shenzhen-cc-1535 ===
03:11:41   reuse 128 urls
03:12:10   fetched 25/128 (skip 5, fail 0)
03:12:47   fetched 50/128 (skip 5, fail 0)
03:13:24   fetched 75/128 (skip 5, fail 0)
03:13:51   fetched 125/128 (skip 37, fail 0)
03:13:56   DONE shenzhen-cc-1535: fetched 91, skipped 37, failed 0, urls 128
03:13:56 === wuhan-cc-1419 ===
03:13:56   reuse 128 urls
03:14:23   fetched 25/128 (skip 6, fail 0)
03:14:38   fetched 50/128 (skip 21, fail 0)
03:15:15   fetched 75/128 (skip 21, fail 0)
03:15:52   fetched 100/128 (skip 21, fail 0)
03:16:29   fetched 125/128 (skip 21, fail 0)
03:16:34   DONE wuhan-cc-1419: fetched 107, skipped 21, failed 0, urls 128
03:16:34 === shanghai-cc-1400 ===
03:16:34   reuse 128 urls
03:17:09   fetched 25/128 (skip 1, fail 0)
03:17:46   fetched 50/128 (skip 1, fail 0)
03:18:23   fetched 75/128 (skip 1, fail 0)
03:18:59   fetched 100/128 (skip 1, fail 0)
03:19:18   DONE shanghai-cc-1400: fetched 111, skipped 17, failed 0, urls 128
03:19:18 === fuzhou-cc-1397 ===
03:19:18   reuse 128 urls
03:20:06   fetched 50/128 (skip 17, fail 0)
03:20:43   fetched 75/128 (skip 17, fail 0)
03:21:20   fetched 100/128 (skip 17, fail 0)
03:21:57   fetched 125/128 (skip 17, fail 0)
03:22:02   DONE fuzhou-cc-1397: fetched 111, skipped 17, failed 0, urls 128
03:22:02 === shenzhen-cc-1396 ===
03:22:02   reuse 128 urls
03:22:35   fetched 25/128 (skip 2, fail 0)
03:23:12   fetched 50/128 (skip 2, fail 0)
03:23:49   fetched 75/128 (skip 2, fail 0)
03:24:33   fetched 125/128 (skip 22, fail 0)
03:24:39   DONE shenzhen-cc-1396: fetched 106, skipped 22, failed 0, urls 128
03:24:39 === guangzhou-cc-1382 ===
03:24:39   reuse 128 urls
03:25:15   fetched 25/128 (skip 0, fail 0)
03:26:06   fetched 75/128 (skip 15, fail 0)
03:26:43   fetched 100/128 (skip 15, fail 0)
03:27:20   fetched 125/128 (skip 15, fail 0)
03:27:26   DONE guangzhou-cc-1382: fetched 113, skipped 15, failed 0, urls 128
03:27:26 === nanjing-cc-1380 ===
03:27:26   reuse 128 urls
03:28:02   fetched 25/128 (skip 0, fail 0)
03:28:39   fetched 50/128 (skip 0, fail 0)
03:29:15   fetched 75/128 (skip 0, fail 0)
03:29:52   fetched 100/128 (skip 0, fail 0)
03:30:16   DONE nanjing-cc-1380: fetched 115, skipped 13, failed 0, urls 128
03:30:16 === shanghai-cc-1291 ===
03:30:16   reuse 127 urls
03:30:50   fetched 25/127 (skip 1, fail 0)
03:31:27   fetched 50/127 (skip 1, fail 0)
03:32:29   fetched 100/127 (skip 22, fail 1)
03:33:06   fetched 125/127 (skip 22, fail 1)
03:33:08   DONE shanghai-cc-1291: fetched 104, skipped 22, failed 1, urls 127
03:33:08 === hangzhou-cc-1290 ===
03:33:08   reuse 128 urls
03:33:19   fetched 25/128 (skip 17, fail 0)
03:34:05   fetched 50/128 (skip 17, fail 1)
03:34:42   fetched 75/128 (skip 17, fail 1)
03:35:19   fetched 100/128 (skip 17, fail 1)
03:35:56   fetched 125/128 (skip 17, fail 1)
03:36:00   DONE hangzhou-cc-1290: fetched 110, skipped 17, failed 1, urls 128
03:36:00 === shenzhen-cc-1279 ===
03:36:00   reuse 128 urls
03:36:06   fetched 75/128 (skip 70, fail 0)
03:36:43   fetched 100/128 (skip 70, fail 0)
03:37:20   fetched 125/128 (skip 70, fail 0)
03:37:25   DONE shenzhen-cc-1279: fetched 58, skipped 70, failed 0, urls 128
03:37:25 === guangzhou-cc-1234 ===
03:37:25   reuse 128 urls
03:37:56   fetched 25/128 (skip 4, fail 0)
03:38:47   fetched 75/128 (skip 19, fail 0)
03:39:24   fetched 100/128 (skip 19, fail 0)
03:40:01   fetched 125/128 (skip 19, fail 0)
03:40:07   DONE guangzhou-cc-1234: fetched 109, skipped 19, failed 0, urls 128
03:40:07 ALL DONE. total cached decks ~4337
13:27:12 === s3-guangzhou-cc-11454 ===
13:27:14   meta: name=S3 Guangzhou City Challenge players=128 date=2026-05-30 set=Unleashed pages=2 total=128
13:27:15   page 1: +64 (total 64)
13:27:17   page 2: +64 (total 128)
13:27:54   fetched 25/128 (skip 0, fail 0)
13:28:30   fetched 50/128 (skip 0, fail 0)
13:29:06   fetched 75/128 (skip 0, fail 0)
13:29:42   fetched 100/128 (skip 0, fail 0)
13:30:18   fetched 125/128 (skip 0, fail 0)
13:30:23   DONE s3-guangzhou-cc-11454: fetched 128, skipped 0, failed 0, urls 128
13:30:23 === s3-shanghai-cc-10761 ===
13:30:25   meta: name=S3 Shanghai City Challenge players=128 date=2026-05-24 set=Unleashed pages=2 total=128
13:30:26   page 1: +64 (total 64)
13:30:27   page 2: +64 (total 128)
13:31:03   fetched 25/128 (skip 0, fail 0)
13:31:39   fetched 50/128 (skip 0, fail 0)
13:32:15   fetched 75/128 (skip 0, fail 0)
13:32:51   fetched 100/128 (skip 0, fail 0)
13:33:27   fetched 125/128 (skip 0, fail 0)
13:33:32   DONE s3-shanghai-cc-10761: fetched 128, skipped 0, failed 0, urls 128
13:33:32 === s3-guangzhou-cc-9974 ===
13:33:34   meta: name=S3 Guangzhou City Challenge players=128 date=2026-05-17 set=Unleashed pages=2 total=128
13:33:35   page 1: +64 (total 64)
13:33:37   page 2: +64 (total 128)
13:34:12   fetched 25/128 (skip 0, fail 0)
13:34:48   fetched 50/128 (skip 0, fail 0)
13:35:24   fetched 75/128 (skip 0, fail 0)
13:36:00   fetched 100/128 (skip 0, fail 0)
13:36:36   fetched 125/128 (skip 0, fail 0)
13:36:42   DONE s3-guangzhou-cc-9974: fetched 128, skipped 0, failed 0, urls 128
13:36:42 === s3-shenzhen-cc-9824 ===
13:36:43   meta: name=S3 Shenzhen City Challenge players=128 date=2026-05-16 set=Unleashed pages=2 total=128
13:36:44   page 1: +64 (total 64)
13:36:46   page 2: +64 (total 128)
13:37:22   fetched 25/128 (skip 0, fail 0)
13:37:58   fetched 50/128 (skip 0, fail 0)
13:38:35   fetched 75/128 (skip 0, fail 0)
13:39:12   fetched 100/128 (skip 0, fail 0)
13:39:48   fetched 125/128 (skip 0, fail 0)
13:39:54   DONE s3-shenzhen-cc-9824: fetched 128, skipped 0, failed 0, urls 128
13:39:54 === s3-shanghai-cc-9180 ===
13:39:55   meta: name=S3 Shanghai City Challenge players=128 date=2026-05-10 set=Unleashed pages=2 total=128
13:39:56   page 1: +64 (total 64)
13:39:58   page 2: +64 (total 128)
13:40:35   fetched 25/128 (skip 0, fail 0)
13:41:11   fetched 50/128 (skip 0, fail 0)
13:41:47   fetched 75/128 (skip 0, fail 0)
13:42:24   fetched 100/128 (skip 0, fail 0)
13:43:01   fetched 125/128 (skip 0, fail 0)
13:43:06   DONE s3-shanghai-cc-9180: fetched 128, skipped 0, failed 0, urls 128
13:43:06 === s3-shenzhen-cc-8570 ===
13:43:07   meta: name=S3 Shenzhen City Challenge players=128 date=2026-05-05 set=Unleashed pages=2 total=128
13:43:08   page 1: +64 (total 64)
13:43:10   page 2: +64 (total 128)
13:43:47   fetched 25/128 (skip 0, fail 0)
13:44:23   fetched 50/128 (skip 0, fail 0)
13:45:00   fetched 75/128 (skip 0, fail 0)
13:45:36   fetched 100/128 (skip 0, fail 0)
13:46:12   fetched 125/128 (skip 0, fail 0)
13:46:18   DONE s3-shenzhen-cc-8570: fetched 128, skipped 0, failed 0, urls 128
13:46:18 === s3-guangzhou-cc-8461 ===
13:46:19   meta: name=S3 Guangzhou City Challenge players=128 date=2026-05-04 set=Unleashed pages=2 total=128
13:46:20   page 1: +64 (total 64)
13:46:22   page 2: +64 (total 128)
13:46:58   fetched 25/128 (skip 0, fail 0)
13:47:35   fetched 50/128 (skip 0, fail 0)
13:48:11   fetched 75/128 (skip 0, fail 0)
13:48:47   fetched 100/128 (skip 0, fail 0)
13:49:24   fetched 125/128 (skip 0, fail 0)
13:49:29   DONE s3-guangzhou-cc-8461: fetched 128, skipped 0, failed 0, urls 128
13:49:29 === s3-shenzhen-cc-8460 ===
13:49:30   meta: name=S3 Shenzhen City Challenge players=128 date=2026-05-04 set=Unleashed pages=2 total=128
13:49:31   page 1: +64 (total 64)
13:49:33   page 2: +64 (total 128)
13:50:09   fetched 25/128 (skip 0, fail 0)
13:50:46   fetched 50/128 (skip 0, fail 0)
13:51:22   fetched 75/128 (skip 0, fail 0)
13:51:58   fetched 100/128 (skip 0, fail 0)
13:52:34   fetched 125/128 (skip 0, fail 0)
13:52:39   DONE s3-shenzhen-cc-8460: fetched 128, skipped 0, failed 0, urls 128
13:52:39 === s3-shanghai-cc-8418 ===
13:52:40   meta: name=S3 Shanghai City Challenge players=128 date=2026-05-04 set=Unleashed pages=2 total=128
13:52:41   page 1: +64 (total 64)
13:52:43   page 2: +64 (total 128)
13:53:19   fetched 25/128 (skip 0, fail 0)
13:53:55   fetched 50/128 (skip 0, fail 0)
13:54:31   fetched 75/128 (skip 0, fail 0)
13:55:07   fetched 100/128 (skip 0, fail 0)
13:55:43   fetched 125/128 (skip 0, fail 0)
13:55:48   DONE s3-shanghai-cc-8418: fetched 128, skipped 0, failed 0, urls 128
13:55:48 === s3-beijing-cc-8364 ===
13:55:49   meta: name=S3 Beijing City Challenge players=128 date=2026-05-03 set=Unleashed pages=2 total=128
13:55:50   page 1: +64 (total 64)
13:55:52   page 2: +64 (total 128)
13:56:28   fetched 25/128 (skip 0, fail 0)
13:57:04   fetched 50/128 (skip 0, fail 0)
13:57:40   fetched 75/128 (skip 0, fail 0)
13:58:16   fetched 100/128 (skip 0, fail 0)
13:58:52   fetched 125/128 (skip 0, fail 0)
13:58:57   DONE s3-beijing-cc-8364: fetched 128, skipped 0, failed 0, urls 128
13:58:57 === s3-shanghai-cc-8257 ===
13:58:58   meta: name=S3 Shanghai City Challenge players=128 date=2026-05-02 set=Unleashed pages=2 total=128
13:58:59   page 1: +64 (total 64)
13:59:01   page 2: +64 (total 128)
13:59:37   fetched 25/128 (skip 0, fail 0)
14:00:13   fetched 50/128 (skip 0, fail 0)
14:00:49   fetched 75/128 (skip 0, fail 0)
14:01:25   fetched 100/128 (skip 0, fail 0)
14:02:00   fetched 125/128 (skip 0, fail 0)
14:02:06   DONE s3-shanghai-cc-8257: fetched 128, skipped 0, failed 0, urls 128
14:02:06 === s3-fuzhou-cc-7961 ===
14:02:07   meta: name=S3 Fuzhou City Challenge players=128 date=2026-04-26 set=Unleashed pages=2 total=128
14:02:08   page 1: +64 (total 64)
14:02:10   page 2: +64 (total 128)
14:02:46   fetched 25/128 (skip 0, fail 0)
14:03:21   fetched 50/128 (skip 0, fail 0)
14:03:57   fetched 75/128 (skip 0, fail 0)
14:04:33   fetched 100/128 (skip 0, fail 0)
14:05:09   fetched 125/128 (skip 0, fail 0)
14:05:14   DONE s3-fuzhou-cc-7961: fetched 128, skipped 0, failed 0, urls 128
14:05:14 === s3-beijing-cc-7951 ===
14:05:15   meta: name=S3 Beijing City Challenge players=128 date=2026-04-25 set=Unleashed pages=2 total=128
14:05:16   page 1: +64 (total 64)
14:05:18   page 2: +64 (total 128)
14:05:54   fetched 25/128 (skip 0, fail 0)
14:06:30   fetched 50/128 (skip 0, fail 0)
14:07:06   fetched 75/128 (skip 0, fail 0)
14:07:56   fetched 100/128 (skip 0, fail 1)
14:08:32   fetched 125/128 (skip 0, fail 1)
14:08:36   DONE s3-beijing-cc-7951: fetched 127, skipped 0, failed 1, urls 128
14:08:36 === s3-guangzhou-cc-7950 ===
14:08:37   meta: name=S3 Guangzhou City Challenge players=128 date=2026-04-25 set=Unleashed pages=2 total=128
14:08:38   page 1: +64 (total 64)
14:08:40   page 2: +64 (total 128)
14:09:15   fetched 25/128 (skip 0, fail 0)
14:09:51   fetched 50/128 (skip 0, fail 0)
14:10:27   fetched 75/128 (skip 0, fail 0)
14:11:04   fetched 100/128 (skip 0, fail 0)
14:11:39   fetched 125/128 (skip 0, fail 0)
14:11:45   DONE s3-guangzhou-cc-7950: fetched 128, skipped 0, failed 0, urls 128
14:11:45 === s3-shanghai-cc-7949 ===
14:11:46   meta: name=S3 Shanghai City Challenge players=128 date=2026-04-25 set=Unleashed pages=2 total=128
14:11:47   page 1: +64 (total 64)
14:11:49   page 2: +64 (total 128)
14:12:24   fetched 25/128 (skip 0, fail 0)
14:13:00   fetched 50/128 (skip 0, fail 0)
14:13:36   fetched 75/128 (skip 0, fail 0)
14:14:12   fetched 100/128 (skip 0, fail 0)
14:14:48   fetched 125/128 (skip 0, fail 0)
14:14:53   DONE s3-shanghai-cc-7949: fetched 128, skipped 0, failed 0, urls 128
14:14:53 === s3-chengdu-cc-7947 ===
14:14:54   meta: name=S3 Chengdu City Challenge players=128 date=2026-04-25 set=Unleashed pages=2 total=128
14:14:55   page 1: +64 (total 64)
14:14:57   page 2: +64 (total 128)
14:15:33   fetched 25/128 (skip 0, fail 0)
14:16:09   fetched 50/128 (skip 0, fail 0)
14:16:45   fetched 75/128 (skip 0, fail 0)
14:17:20   fetched 100/128 (skip 0, fail 0)
14:17:56   fetched 125/128 (skip 0, fail 0)
14:18:02   DONE s3-chengdu-cc-7947: fetched 128, skipped 0, failed 0, urls 128
14:18:02 === s3-changzhou-cc-7946 ===
14:18:03   meta: name=S3 Changzhou City Challenge players=128 date=2026-04-25 set=Unleashed pages=2 total=128
14:18:04   page 1: +64 (total 64)
14:18:06   page 2: +64 (total 128)
14:18:41   fetched 25/128 (skip 0, fail 0)
14:19:17   fetched 50/128 (skip 0, fail 0)
14:19:53   fetched 75/128 (skip 0, fail 0)
14:20:29   fetched 100/128 (skip 0, fail 0)
14:21:05   fetched 125/128 (skip 0, fail 0)
14:21:10   DONE s3-changzhou-cc-7946: fetched 128, skipped 0, failed 0, urls 128
14:21:10 === s3-wuhan-cc-7945 ===
14:21:11   meta: name=S3 Wuhan City Challenge players=128 date=2026-04-25 set=Unleashed pages=2 total=128
14:21:12   page 1: +64 (total 64)
14:21:14   page 2: +64 (total 128)
14:22:01   fetched 25/128 (skip 0, fail 1)
14:22:37   fetched 50/128 (skip 0, fail 1)
14:23:13   fetched 75/128 (skip 0, fail 1)
14:23:49   fetched 100/128 (skip 0, fail 1)
14:24:24   fetched 125/128 (skip 0, fail 1)
14:24:28   DONE s3-wuhan-cc-7945: fetched 127, skipped 0, failed 1, urls 128
14:24:28 === s3-shenyang-cc-7937 ===
14:24:30   meta: name=S3 Shenyang City Challenge players=128 date=2026-04-26 set=Unleashed pages=2 total=128
14:24:30   page 1: +64 (total 64)
14:24:32   page 2: +64 (total 128)
14:25:08   fetched 25/128 (skip 0, fail 0)
14:25:44   fetched 50/128 (skip 0, fail 0)
14:26:20   fetched 75/128 (skip 0, fail 0)
14:26:56   fetched 100/128 (skip 0, fail 0)
14:27:32   fetched 125/128 (skip 0, fail 0)
14:27:37   DONE s3-shenyang-cc-7937: fetched 128, skipped 0, failed 0, urls 128
14:27:37 === s3-hangzhou-cc-7667 ===
14:27:39   meta: name=S3 Hangzhou City Challenge players=128 date=2026-04-19 set=Unleashed pages=2 total=128
14:27:39   page 1: +64 (total 64)
14:27:41   page 2: +64 (total 128)
14:28:17   fetched 25/128 (skip 0, fail 0)
14:28:53   fetched 50/128 (skip 0, fail 0)
14:29:29   fetched 75/128 (skip 0, fail 0)
14:30:05   fetched 100/128 (skip 0, fail 0)
14:30:41   fetched 125/128 (skip 0, fail 0)
14:30:46   DONE s3-hangzhou-cc-7667: fetched 128, skipped 0, failed 0, urls 128
14:30:46 === s3-guangzhou-cc-7666 ===
14:30:47   meta: name=S3 Guangzhou City Challenge players=128 date=2026-04-19 set=Unleashed pages=2 total=128
14:30:48   page 1: +64 (total 64)
14:30:50   page 2: +64 (total 128)
14:31:26   fetched 25/128 (skip 0, fail 0)
14:32:02   fetched 50/128 (skip 0, fail 0)
14:32:37   fetched 75/128 (skip 0, fail 0)
14:33:13   fetched 100/128 (skip 0, fail 0)
14:34:01   fetched 125/128 (skip 0, fail 1)
14:34:05   DONE s3-guangzhou-cc-7666: fetched 127, skipped 0, failed 1, urls 128
14:34:05 === s3-tianjin-cc-7643 ===
14:34:06   meta: name=S3 Tianjin City Challenge players=128 date=2026-04-19 set=Unleashed pages=2 total=128
14:34:07   page 1: +64 (total 64)
14:34:09   page 2: +64 (total 128)
14:34:45   fetched 25/128 (skip 0, fail 0)
14:35:21   fetched 50/128 (skip 0, fail 0)
14:35:57   fetched 75/128 (skip 0, fail 0)
14:36:32   fetched 100/128 (skip 0, fail 0)
14:37:08   fetched 125/128 (skip 0, fail 0)
14:37:13   DONE s3-tianjin-cc-7643: fetched 128, skipped 0, failed 0, urls 128
14:37:13 === s3-shanghai-cc-7642 ===
14:37:15   meta: name=S3 Shanghai City Challenge players=128 date=2026-04-19 set=Unleashed pages=2 total=128
14:37:16   page 1: +64 (total 64)
14:37:17   page 2: +64 (total 128)
14:37:53   fetched 25/128 (skip 0, fail 0)
14:38:29   fetched 50/128 (skip 0, fail 0)
14:39:05   fetched 75/128 (skip 0, fail 0)
14:39:51   fetched 100/128 (skip 0, fail 1)
14:40:36   fetched 125/128 (skip 0, fail 2)
14:40:38   DONE s3-shanghai-cc-7642: fetched 126, skipped 0, failed 2, urls 128
14:40:38 === s3-nanjing-cc-7640 ===
14:40:40   meta: name=S3 Nanjing City Challenge players=128 date=2026-04-18 set=Unleashed pages=2 total=128
14:40:41   page 1: +64 (total 64)
14:40:43   page 2: +64 (total 128)
14:41:19   fetched 25/128 (skip 0, fail 0)
14:41:55   fetched 50/128 (skip 0, fail 0)
14:42:31   fetched 75/128 (skip 0, fail 0)
14:43:07   fetched 100/128 (skip 0, fail 0)
14:43:43   fetched 125/128 (skip 0, fail 0)
14:43:48   DONE s3-nanjing-cc-7640: fetched 128, skipped 0, failed 0, urls 128
14:43:48 === s3-shenzhen-cc-7639 ===
14:43:49   meta: name=S3 Shenzhen City Challenge players=128 date=2026-04-18 set=Unleashed pages=2 total=128
14:43:50   page 1: +64 (total 64)
14:43:52   page 2: +64 (total 128)
14:44:28   fetched 25/128 (skip 0, fail 0)
14:45:04   fetched 50/128 (skip 0, fail 0)
14:45:40   fetched 75/128 (skip 0, fail 0)
14:46:16   fetched 100/128 (skip 0, fail 0)
14:46:51   fetched 125/128 (skip 0, fail 0)
14:46:57   DONE s3-shenzhen-cc-7639: fetched 128, skipped 0, failed 0, urls 128
14:46:57 === hangzhou-ro-81 ===
14:46:58   meta: name=Hangzhou Regional Open players=510 date=2025-09-14 set=Origins pages=8 total=506
14:46:59   page 1: +64 (total 64)
14:47:01   page 2: +64 (total 128)
14:47:03   page 3: +64 (total 192)
14:47:05   page 4: +64 (total 256)
14:47:06   page 5: +64 (total 320)
14:47:08   page 6: +64 (total 384)
14:47:10   page 7: +64 (total 448)
14:47:12   page 8: +58 (total 506)
14:47:48   fetched 25/506 (skip 0, fail 0)
14:48:23   fetched 50/506 (skip 0, fail 0)
14:49:00   fetched 75/506 (skip 0, fail 0)
14:49:35   fetched 100/506 (skip 0, fail 0)
14:50:11   fetched 125/506 (skip 0, fail 0)
14:50:47   fetched 150/506 (skip 0, fail 0)
14:51:23   fetched 175/506 (skip 0, fail 0)
14:51:58   fetched 200/506 (skip 0, fail 0)
14:52:34   fetched 225/506 (skip 0, fail 0)
14:53:10   fetched 250/506 (skip 0, fail 0)
14:53:46   fetched 275/506 (skip 0, fail 0)
14:54:22   fetched 300/506 (skip 0, fail 0)
14:54:58   fetched 325/506 (skip 0, fail 0)
14:55:34   fetched 350/506 (skip 0, fail 0)
14:56:09   fetched 375/506 (skip 0, fail 0)
14:56:45   fetched 400/506 (skip 0, fail 0)
14:57:21   fetched 425/506 (skip 0, fail 0)
14:57:57   fetched 450/506 (skip 0, fail 0)
14:58:33   fetched 475/506 (skip 0, fail 0)
14:59:09   fetched 500/506 (skip 0, fail 0)
14:59:18   DONE hangzhou-ro-81: fetched 506, skipped 0, failed 0, urls 506
14:59:18 === beijing-ro-89 ===
14:59:20   meta: name=Beijing Regional Open players=509 date=2025-08-31 set=Origins pages=8 total=505
14:59:21   page 1: +64 (total 64)
14:59:23   page 2: +64 (total 128)
14:59:24   page 3: +64 (total 192)
14:59:26   page 4: +64 (total 256)
14:59:28   page 5: +64 (total 320)
14:59:30   page 6: +64 (total 384)
14:59:32   page 7: +64 (total 448)
14:59:34   page 8: +57 (total 505)
15:00:10   fetched 25/505 (skip 0, fail 0)
15:00:46   fetched 50/505 (skip 0, fail 0)
15:01:22   fetched 75/505 (skip 0, fail 0)
15:01:57   fetched 100/505 (skip 0, fail 0)
15:02:33   fetched 125/505 (skip 0, fail 0)
15:03:09   fetched 150/505 (skip 0, fail 0)
15:03:45   fetched 175/505 (skip 0, fail 0)
15:04:20   fetched 200/505 (skip 0, fail 0)
15:04:56   fetched 225/505 (skip 0, fail 0)
15:05:33   fetched 250/505 (skip 0, fail 0)
15:06:08   fetched 275/505 (skip 0, fail 0)
15:06:44   fetched 300/505 (skip 0, fail 0)
15:07:20   fetched 325/505 (skip 0, fail 0)
15:07:56   fetched 350/505 (skip 0, fail 0)
15:08:32   fetched 375/505 (skip 0, fail 0)
15:09:08   fetched 400/505 (skip 0, fail 0)
15:09:44   fetched 425/505 (skip 0, fail 0)
15:10:20   fetched 450/505 (skip 0, fail 0)
15:10:56   fetched 475/505 (skip 0, fail 0)
15:11:31   fetched 500/505 (skip 0, fail 0)
15:11:39   DONE beijing-ro-89: fetched 505, skipped 0, failed 0, urls 505
15:11:39 === chongqing-ro-85 ===
15:11:41   meta: name=Chongqing Regional Open players=507 date=2025-09-07 set=Origins pages=8 total=499
15:11:41   page 1: +64 (total 64)
15:11:43   page 2: +64 (total 128)
15:11:45   page 3: +64 (total 192)
15:11:47   page 4: +64 (total 256)
15:11:49   page 5: +64 (total 320)
15:11:51   page 6: +64 (total 384)
15:11:53   page 7: +64 (total 448)
15:11:55   page 8: +51 (total 499)
15:12:31   fetched 25/499 (skip 0, fail 0)
15:13:07   fetched 50/499 (skip 0, fail 0)
15:13:42   fetched 75/499 (skip 0, fail 0)
15:14:19   fetched 100/499 (skip 0, fail 0)
15:14:54   fetched 125/499 (skip 0, fail 0)
15:15:30   fetched 150/499 (skip 0, fail 0)
15:16:06   fetched 175/499 (skip 0, fail 0)
15:16:42   fetched 200/499 (skip 0, fail 0)
15:17:18   fetched 225/499 (skip 0, fail 0)
15:17:54   fetched 250/499 (skip 0, fail 0)
15:18:30   fetched 275/499 (skip 0, fail 0)
15:19:05   fetched 300/499 (skip 0, fail 0)
15:19:41   fetched 325/499 (skip 0, fail 0)
15:20:18   fetched 350/499 (skip 0, fail 0)
15:21:02   fetched 375/499 (skip 0, fail 0)
15:21:41   fetched 400/499 (skip 0, fail 0)
15:22:18   fetched 425/499 (skip 0, fail 0)
15:22:54   fetched 450/499 (skip 0, fail 0)
15:23:30   fetched 475/499 (skip 0, fail 0)
15:24:06   DONE chongqing-ro-85: fetched 499, skipped 0, failed 0, urls 499
15:24:06 === guangzhou-ro-90 ===
15:24:07   meta: name=Guangzhou Regional Open players=506 date=2025-08-24 set=Origins pages=8 total=501
15:24:08   page 1: +64 (total 64)
15:24:10   page 2: +64 (total 128)
15:24:12   page 3: +64 (total 192)
15:24:14   page 4: +64 (total 256)
15:24:16   page 5: +64 (total 320)
15:24:17   page 6: +64 (total 384)
15:24:19   page 7: +64 (total 448)
15:24:21   page 8: +53 (total 501)
15:24:57   fetched 25/501 (skip 0, fail 0)
15:25:33   fetched 50/501 (skip 0, fail 0)
15:26:08   fetched 75/501 (skip 0, fail 0)
15:26:44   fetched 100/501 (skip 0, fail 0)
15:27:20   fetched 125/501 (skip 0, fail 0)
15:27:56   fetched 150/501 (skip 0, fail 0)
15:28:31   fetched 175/501 (skip 0, fail 0)
15:29:07   fetched 200/501 (skip 0, fail 0)
15:29:43   fetched 225/501 (skip 0, fail 0)
15:30:19   fetched 250/501 (skip 0, fail 0)
15:30:55   fetched 275/501 (skip 0, fail 0)
15:31:30   fetched 300/501 (skip 0, fail 0)
15:32:06   fetched 325/501 (skip 0, fail 0)
15:32:42   fetched 350/501 (skip 0, fail 0)
15:33:18   fetched 375/501 (skip 0, fail 0)
15:33:53   fetched 400/501 (skip 0, fail 0)
15:34:41   fetched 425/501 (skip 0, fail 1)
15:35:17   fetched 450/501 (skip 0, fail 1)
15:35:53   fetched 475/501 (skip 0, fail 1)
15:36:28   fetched 500/501 (skip 0, fail 1)
15:36:29   DONE guangzhou-ro-90: fetched 500, skipped 0, failed 1, urls 501
15:36:29 === fuzhou-cc-584 ===
15:36:31   meta: name=Fuzhou City Challenge players=128 date=2025-09-27 set=Origins pages=2 total=128
15:36:31   page 1: +64 (total 64)
15:36:33   page 2: +64 (total 128)
15:37:09   fetched 25/128 (skip 0, fail 0)
15:37:45   fetched 50/128 (skip 0, fail 0)
15:38:21   fetched 75/128 (skip 0, fail 0)
15:38:57   fetched 100/128 (skip 0, fail 0)
15:39:33   fetched 125/128 (skip 0, fail 0)
15:39:38   DONE fuzhou-cc-584: fetched 128, skipped 0, failed 0, urls 128
15:39:38 === shenzhen-cc-583 ===
15:39:39   meta: name=Shenzhen City Challenge players=128 date=2025-09-27 set=Origins pages=2 total=127
15:39:40   page 1: +64 (total 64)
15:39:42   page 2: +63 (total 127)
15:40:18   fetched 25/127 (skip 0, fail 0)
15:40:54   fetched 50/127 (skip 0, fail 0)
15:41:30   fetched 75/127 (skip 0, fail 0)
15:42:07   fetched 100/127 (skip 0, fail 0)
15:42:43   fetched 125/127 (skip 0, fail 0)
15:42:46   DONE shenzhen-cc-583: fetched 127, skipped 0, failed 0, urls 127
15:42:46 === shanghai-cc-582 ===
15:42:48   meta: name=Shanghai City Challenge players=128 date=2025-09-27 set=Origins pages=2 total=124
15:42:49   page 1: +64 (total 64)
15:42:50   page 2: +60 (total 124)
15:43:26   fetched 25/124 (skip 0, fail 0)
15:44:02   fetched 50/124 (skip 0, fail 0)
15:44:38   fetched 75/124 (skip 0, fail 0)
15:45:14   fetched 100/124 (skip 0, fail 0)
15:45:49   DONE shanghai-cc-582: fetched 124, skipped 0, failed 0, urls 124
15:45:49 === beijing-cc-581 ===
15:45:51   meta: name=Beijing City Challenge players=128 date=2025-09-27 set=Origins pages=2 total=128
15:45:51   page 1: +64 (total 64)
15:45:53   page 2: +64 (total 128)
15:46:29   fetched 25/128 (skip 0, fail 0)
15:47:05   fetched 50/128 (skip 0, fail 0)
15:47:41   fetched 75/128 (skip 0, fail 0)
15:48:17   fetched 100/128 (skip 0, fail 0)
15:48:53   fetched 125/128 (skip 0, fail 0)
15:48:58   DONE beijing-cc-581: fetched 128, skipped 0, failed 0, urls 128
15:48:58 === guangzhou-cc-579 ===
15:48:59   meta: name=Guangzhou City Challenge players=128 date=2025-09-27 set=Origins pages=2 total=128
15:49:00   page 1: +64 (total 64)
15:49:02   page 2: +64 (total 128)
15:49:38   fetched 25/128 (skip 0, fail 0)
15:50:13   fetched 50/128 (skip 0, fail 0)
15:50:49   fetched 75/128 (skip 0, fail 0)
15:51:25   fetched 100/128 (skip 0, fail 0)
15:52:01   fetched 125/128 (skip 0, fail 0)
15:52:06   DONE guangzhou-cc-579: fetched 128, skipped 0, failed 0, urls 128
15:52:06 === guangzhou-cc-578 ===
15:52:07   meta: name=Guangzhou City Challenge players=128 date=2025-10-06 set=Origins pages=2 total=127
15:52:08   page 1: +64 (total 64)
15:52:10   page 2: +63 (total 127)
15:52:46   fetched 25/127 (skip 0, fail 0)
15:53:22   fetched 50/127 (skip 0, fail 0)
15:53:58   fetched 75/127 (skip 0, fail 0)
15:54:33   fetched 100/127 (skip 0, fail 0)
15:55:09   fetched 125/127 (skip 0, fail 0)
15:55:13   DONE guangzhou-cc-578: fetched 127, skipped 0, failed 0, urls 127
15:55:13 === beijing-cc-576 ===
15:55:14   meta: name=Beijing City Challenge players=128 date=2025-10-06 set=Origins pages=2 total=128
15:55:15   page 1: +64 (total 64)
15:55:17   page 2: +64 (total 128)
15:55:53   fetched 25/128 (skip 0, fail 0)
15:56:29   fetched 50/128 (skip 0, fail 0)
15:57:04   fetched 75/128 (skip 0, fail 0)
15:57:52   fetched 100/128 (skip 0, fail 1)
15:58:27   fetched 125/128 (skip 0, fail 1)
15:58:31   DONE beijing-cc-576: fetched 127, skipped 0, failed 1, urls 128
15:58:31 === shenzhen-cc-575 ===
15:58:33   meta: name=Shenzhen City Challenge players=128 date=2025-10-07 set=Origins pages=2 total=126
15:58:34   page 1: +64 (total 64)
15:58:35   page 2: +62 (total 126)
15:59:11   fetched 25/126 (skip 0, fail 0)
15:59:47   fetched 50/126 (skip 0, fail 0)
16:00:23   fetched 75/126 (skip 0, fail 0)
16:00:59   fetched 100/126 (skip 0, fail 0)
16:01:34   fetched 125/126 (skip 0, fail 0)
16:01:37   DONE shenzhen-cc-575: fetched 126, skipped 0, failed 0, urls 126
16:01:37 === shanghai-cc-574 ===
16:01:38   meta: name=Shanghai City Challenge players=128 date=2025-10-07 set=Origins pages=2 total=127
16:01:39   page 1: +64 (total 64)
16:01:41   page 2: +63 (total 127)
16:02:17   fetched 25/127 (skip 0, fail 0)
16:02:52   fetched 50/127 (skip 0, fail 0)
16:03:28   fetched 75/127 (skip 0, fail 0)
16:04:04   fetched 100/127 (skip 0, fail 0)
16:04:40   fetched 125/127 (skip 0, fail 0)
16:04:44   DONE shanghai-cc-574: fetched 127, skipped 0, failed 0, urls 127
16:04:44 === hangzhou-cc-573 ===
16:04:45   meta: name=Hangzhou City Challenge players=128 date=2025-10-07 set=Origins pages=2 total=124
16:04:46   page 1: +64 (total 64)
16:04:48   page 2: +60 (total 124)
16:05:24   fetched 25/124 (skip 0, fail 0)
16:06:08   fetched 50/124 (skip 0, fail 1)
16:06:44   fetched 75/124 (skip 0, fail 1)
16:07:19   fetched 100/124 (skip 0, fail 1)
16:07:53   DONE hangzhou-cc-573: fetched 123, skipped 0, failed 1, urls 124
16:07:53 === shanghai-cc-569 ===
16:07:54   meta: name=Shanghai City Challenge players=128 date=2025-10-12 set=Origins pages=2 total=126
16:07:55   page 1: +64 (total 64)
16:07:57   page 2: +62 (total 126)
16:08:33   fetched 25/126 (skip 0, fail 0)
16:09:10   fetched 50/126 (skip 0, fail 0)
16:09:46   fetched 75/126 (skip 0, fail 0)
16:10:22   fetched 100/126 (skip 0, fail 0)
16:10:57   fetched 125/126 (skip 0, fail 0)
16:11:00   DONE shanghai-cc-569: fetched 126, skipped 0, failed 0, urls 126
16:11:00 === nanjing-cc-568 ===
16:11:01   meta: name=Nanjing City Challenge players=128 date=2025-10-12 set=Origins pages=2 total=126
16:11:02   page 1: +64 (total 64)
16:11:04   page 2: +62 (total 126)
16:11:40   fetched 25/126 (skip 0, fail 0)
16:12:16   fetched 50/126 (skip 0, fail 0)
16:13:07   fetched 75/126 (skip 0, fail 0)
16:13:43   fetched 100/126 (skip 0, fail 0)
16:14:18   fetched 125/126 (skip 0, fail 0)
16:14:21   DONE nanjing-cc-568: fetched 126, skipped 0, failed 0, urls 126
16:14:21 === beijing-cc-567 ===
16:14:22   meta: name=Beijing City Challenge players=128 date=2025-10-12 set=Origins pages=2 total=128
16:14:23   page 1: +64 (total 64)
16:14:25   page 2: +64 (total 128)
16:15:01   fetched 25/128 (skip 0, fail 0)
16:15:37   fetched 50/128 (skip 0, fail 0)
16:16:12   fetched 75/128 (skip 0, fail 0)
16:16:48   fetched 100/128 (skip 0, fail 0)
16:17:24   fetched 125/128 (skip 0, fail 0)
16:17:29   DONE beijing-cc-567: fetched 128, skipped 0, failed 0, urls 128
16:17:29 === shenyang-cc-566 ===
16:17:31   meta: name=Shenyang City Challenge players=128 date=2025-10-12 set=Origins pages=2 total=126
16:17:31   page 1: +64 (total 64)
16:17:33   page 2: +62 (total 126)
16:18:09   fetched 25/126 (skip 0, fail 0)
16:18:45   fetched 50/126 (skip 0, fail 0)
16:19:21   fetched 75/126 (skip 0, fail 0)
16:19:57   fetched 100/126 (skip 0, fail 0)
16:20:33   fetched 125/126 (skip 0, fail 0)
16:20:35   DONE shenyang-cc-566: fetched 126, skipped 0, failed 0, urls 126
16:20:35 === wuhan-cc-565 ===
16:20:36   meta: name=Wuhan City Challenge players=128 date=2025-10-12 set=Origins pages=2 total=126
16:20:37   page 1: +64 (total 64)
16:20:39   page 2: +62 (total 126)
16:21:15   fetched 25/126 (skip 0, fail 0)
16:21:51   fetched 50/126 (skip 0, fail 0)
16:22:27   fetched 75/126 (skip 0, fail 0)
16:23:03   fetched 100/126 (skip 0, fail 0)
16:23:38   fetched 125/126 (skip 0, fail 0)
16:23:41   DONE wuhan-cc-565: fetched 126, skipped 0, failed 0, urls 126
16:23:41 === guangzhou-cc-564 ===
16:23:42   meta: name=Guangzhou City Challenge players=128 date=2025-10-12 set=Origins pages=2 total=128
16:23:43   page 1: +64 (total 64)
16:23:45   page 2: +64 (total 128)
16:24:20   fetched 25/128 (skip 0, fail 0)
16:24:56   fetched 50/128 (skip 0, fail 0)
16:25:32   fetched 75/128 (skip 0, fail 0)
16:26:08   fetched 100/128 (skip 0, fail 0)
16:26:44   fetched 125/128 (skip 0, fail 0)
16:26:49   DONE guangzhou-cc-564: fetched 128, skipped 0, failed 0, urls 128
16:26:49 === chengdu-cc-562 ===
16:26:51   meta: name=Chengdu City Challenge players=128 date=2025-10-12 set=Origins pages=2 total=127
16:26:51   page 1: +64 (total 64)
16:26:53   page 2: +63 (total 127)
16:27:29   fetched 25/127 (skip 0, fail 0)
16:28:05   fetched 50/127 (skip 0, fail 0)
16:28:41   fetched 75/127 (skip 0, fail 0)
16:29:17   fetched 100/127 (skip 0, fail 0)
16:29:53   fetched 125/127 (skip 0, fail 0)
16:29:57   DONE chengdu-cc-562: fetched 127, skipped 0, failed 0, urls 127
16:29:57 === shenzhen-cc-561 ===
16:29:58   meta: name=Shenzhen City Challenge players=128 date=2025-10-12 set=Origins pages=2 total=127
16:29:59   page 1: +64 (total 64)
16:30:01   page 2: +63 (total 127)
16:30:37   fetched 25/127 (skip 0, fail 0)
16:31:13   fetched 50/127 (skip 0, fail 0)
16:31:48   fetched 75/127 (skip 0, fail 0)
16:32:24   fetched 100/127 (skip 0, fail 0)
16:33:00   fetched 125/127 (skip 0, fail 0)
16:33:04   DONE shenzhen-cc-561: fetched 127, skipped 0, failed 0, urls 127
16:33:04 === guangzhou-cc-556 ===
16:33:05   meta: name=Guangzhou City Challenge players=128 date=2025-10-18 set=Origins pages=2 total=127
16:33:06   page 1: +64 (total 64)
16:33:08   page 2: +63 (total 127)
16:33:44   fetched 25/127 (skip 0, fail 0)
16:34:20   fetched 50/127 (skip 0, fail 0)
16:34:56   fetched 75/127 (skip 0, fail 0)
16:35:32   fetched 100/127 (skip 0, fail 0)
16:36:08   fetched 125/127 (skip 0, fail 0)
16:36:12   DONE guangzhou-cc-556: fetched 127, skipped 0, failed 0, urls 127
16:36:12 === shanghai-cc-437 ===
16:36:14   meta: name=Shanghai City Challenge players=128 date=2025-11-23 set=Origins pages=2 total=128
16:36:14   page 1: +64 (total 64)
16:36:16   page 2: +64 (total 128)
16:36:52   fetched 25/128 (skip 0, fail 0)
16:37:28   fetched 50/128 (skip 0, fail 0)
16:38:04   fetched 75/128 (skip 0, fail 0)
16:38:40   fetched 100/128 (skip 0, fail 0)
16:39:16   fetched 125/128 (skip 0, fail 0)
16:39:21   DONE shanghai-cc-437: fetched 128, skipped 0, failed 0, urls 128
16:39:21 === shanghai-cc-172 ===
16:39:23   meta: name=Shanghai City Challenge players=128 date=2025-11-08 set=Origins pages=2 total=128
16:39:23   page 1: +64 (total 64)
16:39:25   page 2: +64 (total 128)
16:40:01   fetched 25/128 (skip 0, fail 0)
16:40:38   fetched 50/128 (skip 0, fail 0)
16:41:13   fetched 75/128 (skip 0, fail 0)
16:41:50   fetched 100/128 (skip 0, fail 0)
16:42:26   fetched 125/128 (skip 0, fail 0)
16:42:31   DONE shanghai-cc-172: fetched 128, skipped 0, failed 0, urls 128
16:42:31 === chengdu-cc-141 ===
16:42:32   meta: name=Chengdu City Challenge players=128 date=2025-11-09 set=Origins pages=1 total=64
16:42:33   page 1: +64 (total 64)
16:43:09   fetched 25/64 (skip 0, fail 0)
16:43:45   fetched 50/64 (skip 0, fail 0)
16:44:06   DONE chengdu-cc-141: fetched 64, skipped 0, failed 0, urls 64
16:44:06 ALL DONE. total cached decks ~7931
00:03:16 === s3-tianjin-ro-11863 ===
00:03:18   meta: name=S3 Tianjin Regional Open players=640 date=2026-06-07 set=Unleashed pages=10 total=640
00:03:19   page 1: +64 (total 64)
00:03:21   page 2: +64 (total 128)
00:03:23   page 3: +64 (total 192)
00:03:25   page 4: +64 (total 256)
00:03:27   page 5: +64 (total 320)
00:03:29   page 6: +64 (total 384)
00:03:31   page 7: +64 (total 448)
00:03:33   page 8: +64 (total 512)
00:03:35   page 9: +64 (total 576)
00:03:37   page 10: +64 (total 640)
00:04:13   fetched 25/640 (skip 0, fail 0)
00:04:49   fetched 50/640 (skip 0, fail 0)
00:05:25   fetched 75/640 (skip 0, fail 0)
00:06:01   fetched 100/640 (skip 0, fail 0)
00:06:37   fetched 125/640 (skip 0, fail 0)
00:07:13   fetched 150/640 (skip 0, fail 0)
00:07:50   fetched 175/640 (skip 0, fail 0)
00:08:25   fetched 200/640 (skip 0, fail 0)
00:09:02   fetched 225/640 (skip 0, fail 0)
00:09:37   fetched 250/640 (skip 0, fail 0)
00:10:14   fetched 275/640 (skip 0, fail 0)
00:10:49   fetched 300/640 (skip 0, fail 0)
00:11:26   fetched 325/640 (skip 0, fail 0)
00:12:02   fetched 350/640 (skip 0, fail 0)
00:12:37   fetched 375/640 (skip 0, fail 0)
00:13:13   fetched 400/640 (skip 0, fail 0)
00:13:50   fetched 425/640 (skip 0, fail 0)
00:14:26   fetched 450/640 (skip 0, fail 0)
00:15:17   fetched 475/640 (skip 0, fail 1)
00:15:53   fetched 500/640 (skip 0, fail 1)
00:16:29   fetched 525/640 (skip 0, fail 1)
00:17:05   fetched 550/640 (skip 0, fail 1)
00:17:41   fetched 575/640 (skip 0, fail 1)
00:18:17   fetched 600/640 (skip 0, fail 1)
00:18:53   fetched 625/640 (skip 0, fail 1)
00:19:15   DONE s3-tianjin-ro-11863: fetched 639, skipped 0, failed 1, urls 640
00:19:15 ALL DONE. total cached decks ~639
00:21:10 === s3-tianjin-ro-11863 ===
00:21:10   reuse 640 urls
00:21:27   DONE s3-tianjin-ro-11863: fetched 0, skipped 639, failed 1, urls 640
00:21:27 ALL DONE. total cached decks ~639
